{"source\\fumoengine\\terminal\\terminal.c": false, "source\\fumoengine\\fumocommon.c": false, "source\\fumoengine\\include\\event.c": false, "source\\fumoengine\\include\\ringbuffer.c": false, "source\\fumoengine\\input\\platforms\\win.c": false, "source\\fumotris\\tetr.c": "\u001b[01m\u001b[Ksource\\fumotris\\tetr.c:\u001b[m\u001b[K In function '\u001b[01m\u001b[KTetrMapDraw\u001b[m\u001b[K':\n\u001b[01m\u001b[Ksource\\fumotris\\tetr.c:43:31:\u001b[m\u001b[K \u001b[01;31m\u001b[Kerror: \u001b[m\u001b[Kunknown type name '\u001b[01m\u001b[Kff\u001b[m\u001b[K'\n   43 |             block[0].ch = '(';\u001b[01;31m\u001b[Kff\u001b[m\u001b[K\n      |                               \u001b[01;31m\u001b[K^~\u001b[m\u001b[K\n\u001b[01m\u001b[Ksource\\fumotris\\tetr.c:44:21:\u001b[m\u001b[K \u001b[01;31m\u001b[Kerror: \u001b[m\u001b[Kexpected '\u001b[01m\u001b[K=\u001b[m\u001b[K', '\u001b[01m\u001b[K,\u001b[m\u001b[K', '\u001b[01m\u001b[K;\u001b[m\u001b[K', '\u001b[01m\u001b[Kasm\u001b[m\u001b[K' or '\u001b[01m\u001b[K__attribute__\u001b[m\u001b[K' before '\u001b[01m\u001b[K.\u001b[m\u001b[K' token\n   44 |             block[1]\u001b[01;31m\u001b[K.\u001b[m\u001b[Kch = ')';\n      |                     \u001b[01;31m\u001b[K^\u001b[m\u001b[K\n", "source\\fumoengine\\include\\vector.c": false, "source\\fumoengine\\input\\platforms\\parseinput.c": false, "source\\fumoengine\\include\\dictionary.c": false, "source\\fumoengine\\input\\ctrl.c": false, "source\\fumoengine\\input\\input.c": false, "source\\fumotris\\fumotris.c": false, "source\\fumoengine\\fumoengine.c": false}