{"tetr": "", "ringbuffer": "", "event": "", "ctrl": "", "terminal": "", "fumoengine": "", "parseinput": "", "dictionary": "", "fumocommon": "", "win": "", "input": "", "fumotris": "", "vector": ""}